Archive member included to satisfy reference by file (symbol)

c:/program files (x86)/atmel/studio/7.0/toolchain/avr8/avr8-gnu-toolchain/bin/../lib/gcc/avr/5.4.0/../../../../avr/lib/avr5\libm.a(addsf3.o)
                              src/cJSON.o (__subsf3)
c:/program files (x86)/atmel/studio/7.0/toolchain/avr8/avr8-gnu-toolchain/bin/../lib/gcc/avr/5.4.0/../../../../avr/lib/avr5\libm.a(addsf3x.o)
                              c:/program files (x86)/atmel/studio/7.0/toolchain/avr8/avr8-gnu-toolchain/bin/../lib/gcc/avr/5.4.0/../../../../avr/lib/avr5\libm.a(addsf3.o) (__addsf3x)
c:/program files (x86)/atmel/studio/7.0/toolchain/avr8/avr8-gnu-toolchain/bin/../lib/gcc/avr/5.4.0/../../../../avr/lib/avr5\libm.a(cmpsf2.o)
                              src/cJSON.o (__eqsf2)
c:/program files (x86)/atmel/studio/7.0/toolchain/avr8/avr8-gnu-toolchain/bin/../lib/gcc/avr/5.4.0/../../../../avr/lib/avr5\libm.a(fixsfsi.o)
                              src/cJSON.o (__fixsfsi)
c:/program files (x86)/atmel/studio/7.0/toolchain/avr8/avr8-gnu-toolchain/bin/../lib/gcc/avr/5.4.0/../../../../avr/lib/avr5\libm.a(fixunssfsi.o)
                              c:/program files (x86)/atmel/studio/7.0/toolchain/avr8/avr8-gnu-toolchain/bin/../lib/gcc/avr/5.4.0/../../../../avr/lib/avr5\libm.a(fixsfsi.o) (__fixunssfsi)
c:/program files (x86)/atmel/studio/7.0/toolchain/avr8/avr8-gnu-toolchain/bin/../lib/gcc/avr/5.4.0/../../../../avr/lib/avr5\libm.a(floatsisf.o)
                              src/dados_producao.o (__floatunsisf)
c:/program files (x86)/atmel/studio/7.0/toolchain/avr8/avr8-gnu-toolchain/bin/../lib/gcc/avr/5.4.0/../../../../avr/lib/avr5\libm.a(fp_cmp.o)
                              c:/program files (x86)/atmel/studio/7.0/toolchain/avr8/avr8-gnu-toolchain/bin/../lib/gcc/avr/5.4.0/../../../../avr/lib/avr5\libm.a(cmpsf2.o) (__fp_cmp)
c:/program files (x86)/atmel/studio/7.0/toolchain/avr8/avr8-gnu-toolchain/bin/../lib/gcc/avr/5.4.0/../../../../avr/lib/avr5\libm.a(fp_inf.o)
                              c:/program files (x86)/atmel/studio/7.0/toolchain/avr8/avr8-gnu-toolchain/bin/../lib/gcc/avr/5.4.0/../../../../avr/lib/avr5\libm.a(addsf3x.o) (__fp_inf)
c:/program files (x86)/atmel/studio/7.0/toolchain/avr8/avr8-gnu-toolchain/bin/../lib/gcc/avr/5.4.0/../../../../avr/lib/avr5\libm.a(fp_nan.o)
                              c:/program files (x86)/atmel/studio/7.0/toolchain/avr8/avr8-gnu-toolchain/bin/../lib/gcc/avr/5.4.0/../../../../avr/lib/avr5\libm.a(addsf3x.o) (__fp_nan)
c:/program files (x86)/atmel/studio/7.0/toolchain/avr8/avr8-gnu-toolchain/bin/../lib/gcc/avr/5.4.0/../../../../avr/lib/avr5\libm.a(fp_pscA.o)
                              c:/program files (x86)/atmel/studio/7.0/toolchain/avr8/avr8-gnu-toolchain/bin/../lib/gcc/avr/5.4.0/../../../../avr/lib/avr5\libm.a(addsf3x.o) (__fp_pscA)
c:/program files (x86)/atmel/studio/7.0/toolchain/avr8/avr8-gnu-toolchain/bin/../lib/gcc/avr/5.4.0/../../../../avr/lib/avr5\libm.a(fp_pscB.o)
                              c:/program files (x86)/atmel/studio/7.0/toolchain/avr8/avr8-gnu-toolchain/bin/../lib/gcc/avr/5.4.0/../../../../avr/lib/avr5\libm.a(addsf3x.o) (__fp_pscB)
c:/program files (x86)/atmel/studio/7.0/toolchain/avr8/avr8-gnu-toolchain/bin/../lib/gcc/avr/5.4.0/../../../../avr/lib/avr5\libm.a(fp_round.o)
                              c:/program files (x86)/atmel/studio/7.0/toolchain/avr8/avr8-gnu-toolchain/bin/../lib/gcc/avr/5.4.0/../../../../avr/lib/avr5\libm.a(addsf3.o) (__fp_round)
c:/program files (x86)/atmel/studio/7.0/toolchain/avr8/avr8-gnu-toolchain/bin/../lib/gcc/avr/5.4.0/../../../../avr/lib/avr5\libm.a(fp_split3.o)
                              c:/program files (x86)/atmel/studio/7.0/toolchain/avr8/avr8-gnu-toolchain/bin/../lib/gcc/avr/5.4.0/../../../../avr/lib/avr5\libm.a(addsf3x.o) (__fp_split3)
c:/program files (x86)/atmel/studio/7.0/toolchain/avr8/avr8-gnu-toolchain/bin/../lib/gcc/avr/5.4.0/../../../../avr/lib/avr5\libm.a(fp_zero.o)
                              c:/program files (x86)/atmel/studio/7.0/toolchain/avr8/avr8-gnu-toolchain/bin/../lib/gcc/avr/5.4.0/../../../../avr/lib/avr5\libm.a(addsf3x.o) (__fp_zero)
c:/program files (x86)/atmel/studio/7.0/toolchain/avr8/avr8-gnu-toolchain/bin/../lib/gcc/avr/5.4.0/../../../../avr/lib/avr5\libm.a(gesf2.o)
                              src/cJSON.o (__gesf2)
c:/program files (x86)/atmel/studio/7.0/toolchain/avr8/avr8-gnu-toolchain/bin/../lib/gcc/avr/5.4.0/../../../../avr/lib/avr5\libm.a(mulsf3.o)
                              src/cJSON.o (__mulsf3)
c:/program files (x86)/atmel/studio/7.0/toolchain/avr8/avr8-gnu-toolchain/bin/../lib/gcc/avr/5.4.0/../../../../avr/lib/avr5\libm.a(mulsf3x.o)
                              c:/program files (x86)/atmel/studio/7.0/toolchain/avr8/avr8-gnu-toolchain/bin/../lib/gcc/avr/5.4.0/../../../../avr/lib/avr5\libm.a(mulsf3.o) (__mulsf3x)
c:/program files (x86)/atmel/studio/7.0/toolchain/avr8/avr8-gnu-toolchain/bin/../lib/gcc/avr/5.4.0/avr5\libgcc.a(_udivmodsi4.o)
[...]
Memory Configuration

Name             Origin             Length             Attributes
text             0x00000000         0x00008000         xr
data             0x00800100         0x00000800         rw !x
eeprom           0x00810000         0x00000400         rw !x
fuse             0x00820000         0x00000003         rw !x
lock             0x00830000         0x00000400         rw !x
signature        0x00840000         0x00000400         rw !x
user_signatures  0x00850000         0x00000400         rw !x
*default*        0x00000000         0xffffffff

Linker script and memory map

Address of section .data set to 0x800100
LOAD C:/Program Files (x86)/Atmel/Studio/7.0/Packs/atmel/ATmega_DFP/1.7.374/gcc/dev/atmega328p/avr5/crtatmega328p.o
LOAD src/cJSON.o
LOAD src/dados_producao.o
LOAD src/entradas_analogicas.o
LOAD src/entradas_digitais.o
LOAD src/main.o
LOAD src/memoria.o
LOAD src/saidas.o
LOAD src/timer.o
LOAD src/uart.o
START GROUP
LOAD c:/program files (x86)/atmel/studio/7.0/toolchain/avr8/avr8-gnu-toolchain/bin/../lib/gcc/avr/5.4.0/../../../../avr/lib/avr5\libm.a
END GROUP
START GROUP
LOAD c:/program files (x86)/atmel/studio/7.0/toolchain/avr8/avr8-gnu-toolchain/bin/../lib/gcc/avr/5.4.0/avr5\libgcc.a
LOAD c:/program files (x86)/atmel/studio/7.0/toolchain/avr8/avr8-gnu-toolchain/bin/../lib/gcc/avr/5.4.0/../../../../avr/lib/avr5\libm.a
LOAD c:/program files (x86)/atmel/studio/7.0/toolchain/avr8/avr8-gnu-toolchain/bin/../lib/gcc/avr/5.4.0/../../../../avr/lib/avr5\libc.a
LOAD C:/Program Files (x86)/Atmel/Studio/7.0/Packs/atmel/ATmega_DFP/1.7.374/gcc/dev/atmega328p/avr5\libatmega328p.a
END GROUP
                0x00000000                __TEXT_REGION_ORIGIN__ = DEFINED (__TEXT_REGION_ORIGIN__)?__TEXT_REGION_ORIGIN__:0x0
                [0x00800100]                __DATA_REGION_ORIGIN__ = DEFINED (__DATA_REGION_ORIGIN__)?__DATA_REGION_ORIGIN__:0x800060
                [0x00008000]                __TEXT_REGION_LENGTH__ = DEFINED (__TEXT_REGION_LENGTH__)?__TEXT_REGION_LENGTH__:0x20000
                [0x00000800]                __DATA_REGION_LENGTH__ = DEFINED (__DATA_REGION_LENGTH__)?__DATA_REGION_LENGTH__:0xffa0
                [0x00000400]                __EEPROM_REGION_LENGTH__ = DEFINED (__EEPROM_REGION_LENGTH__)?__EEPROM_REGION_LENGTH__:0x10000
                [0x00000003]                __FUSE_REGION_LENGTH__ = DEFINED (__FUSE_REGION_LENGTH__)?__FUSE_REGION_LENGTH__:0x400
                0x00000400                __LOCK_REGION_LENGTH__ = DEFINED (__LOCK_REGION_LENGTH__)?__LOCK_REGION_LENGTH__:0x400
                0x00000400                __SIGNATURE_REGION_LENGTH__ = DEFINED (__SIGNATURE_REGION_LENGTH__)?__SIGNATURE_REGION_LENGTH__:0x400
                0x00000400                __USER_SIGNATURE_REGION_LENGTH__ = DEFINED (__USER_SIGNATURE_REGION_LENGTH__)?__USER_SIGNATURE_REGION_LENGTH__:0x400

.hash
 *(.hash)

.dynsym
 *(.dynsym)

.dynstr
 *(.dynstr)

.gnu.version
 *(.gnu.version)

.gnu.version_d
 *(.gnu.version_d)

.gnu.version_r
 *(.gnu.version_r)

.rel.init
 *(.rel.init)

.rela.init
 *(.rela.init)

.rel.text
 *(.rel.text)
 *(.rel.text.*)
 *(.rel.gnu.linkonce.t*)

.rela.text
 *(.rela.text)
 *(.rela.text.*)
 *(.rela.gnu.linkonce.t*)

.rel.fini
 *(.rel.fini)

.rela.fini
 *(.rela.fini)

.rel.rodata
 *(.rel.rodata)
 *(.rel.rodata.*)
 *(.rel.gnu.linkonce.r*)

.rela.rodata
 *(.rela.rodata)
 *(.rela.rodata.*)
 *(.rela.gnu.linkonce.r*)

.rel.data
 *(.rel.data)
 *(.rel.data.*)
 *(.rel.gnu.linkonce.d*)

.rela.data
 *(.rela.data)
 *(.rela.data.*)
 *(.rela.gnu.linkonce.d*)

.rel.ctors
 *(.rel.ctors)

.rela.ctors
 *(.rela.ctors)

.rel.dtors
 *(.rel.dtors)

.rela.dtors
 *(.rela.dtors)

.rel.got
 *(.rel.got)

.rela.got
 *(.rela.got)

.rel.bss
 *(.rel.bss)

.rela.bss
 *(.rela.bss)

.rel.plt
 *(.rel.plt)

.rela.plt
 *(.rela.plt)

.text           0x00000000     0x3ea8
 *(.vectors)
 .vectors       0x00000000       0x68 C:/Program Files (x86)/Atmel/Studio/7.0/Packs/atmel/ATmega_DFP/1.7.374/gcc/dev/atmega328p/avr5/crtatmega328p.o
                0x00000000                __vector_default
                0x00000000                __vectors
 *(.vectors)
 *(.progmem.gcc*)
 .progmem.gcc_sw_table.parse_string
                0x00000068       0xa8 src/cJSON.o
 .progmem.gcc_sw_table.parse_number
                0x00000110       0x76 src/cJSON.o
                0x00000186                . = ALIGN (0x2)
                0x00000186                __trampolines_start = .
 *(.trampolines)
 .trampolines   0x00000186        0x0 linker stubs
 *(.trampolines*)
                0x00000186                __trampolines_end = .
 *libprintf_flt.a:*(.progmem.data)
 *libc.a:*(.progmem.data)
 .progmem.data  0x00000186       0x3b c:/program files (x86)/atmel/studio/7.0/toolchain/avr8/avr8-gnu-toolchain/bin/../lib/gcc/avr/5.4.0/../../../../avr/lib/avr5\libc.a(strtod.o)
 .progmem.data  0x000001c1        0xc c:/program files (x86)/atmel/studio/7.0/toolchain/avr8/avr8-gnu-toolchain/bin/../lib/gcc/avr/5.4.0/../../../../avr/lib/avr5\libc.a(vfscanf_std.o)
 *(.progmem*)
                0x000001ce                . = ALIGN (0x2)
 *fill*         0x000001cd        0x1 
 *(.jumptables)
 *(.jumptables*)
 *(.lowtext)
 *(.lowtext*)
                0x000001ce                __ctors_start = .
 *(.ctors)
                0x000001ce                __ctors_end = .
                0x000001ce                __dtors_start = .
 *(.dtors)
                0x000001ce                __dtors_end = .
 SORT(*)(.ctors)
 SORT(*)(.dtors)
 *(.init0)
 .init0         0x000001ce        0x0 C:/Program Files (x86)/Atmel/Studio/7.0/Packs/atmel/ATmega_DFP/1.7.374/gcc/dev/atmega328p/avr5/crtatmega328p.o
                0x000001ce                __init
 *(.init0)
 *(.init1)
 *(.init1)
 *(.init2)
 .init2         0x000001ce        0xc C:/Program Files (x86)/Atmel/Studio/7.0/Packs/atmel/ATmega_DFP/1.7.374/gcc/dev/atmega328p/avr5/crtatmega328p.o
 *(.init2)
 *(.init3)
 *(.init3)
 *(.init4)
 .init4         0x000001da       0x16 c:/program files (x86)/atmel/studio/7.0/toolchain/avr8/avr8-gnu-toolchain/bin/../lib/gcc/avr/5.4.0/avr5\libgcc.a(_copy_data.o)
                0x000001da                __do_copy_data
 .init4         0x000001f0       0x10 c:/program files (x86)/atmel/studio/7.0/toolchain/avr8/avr8-gnu-toolchain/bin/../lib/gcc/avr/5.4.0/avr5\libgcc.a(_clear_bss.o)
                0x000001f0                __do_clear_bss
 *(.init4)
 *(.init5)
 *(.init5)
 *(.init6)
 *(.init6)
 *(.init7)
 *(.init7)
 *(.init8)
 *(.init8)
 *(.init9)
 .init9         0x00000200        0x8 C:/Program Files (x86)/Atmel/Studio/7.0/Packs/atmel/ATmega_DFP/1.7.374/gcc/dev/atmega328p/avr5/crtatmega328p.o
 *(.init9)
 *(.text)
 .text          0x00000208        0x4 C:/Program Files (x86)/Atmel/Studio/7.0/Packs/atmel/ATmega_DFP/1.7.374/gcc/dev/atmega328p/avr5/crtatmega328p.o
                0x00000208                __vector_22
                0x00000208                __vector_1
                0x00000208                __vector_24
                0x00000208                __vector_12
                0x00000208                __bad_interrupt
                0x00000208                __vector_6
                0x00000208                __vector_3
                0x00000208                __vector_23
                0x00000208                __vector_25
                0x00000208                __vector_11
                0x00000208                __vector_13
                0x00000208                __vector_17
                0x00000208                __vector_19
                0x00000208                __vector_7
                0x00000208                __vector_5
                0x00000208                __vector_4
                0x00000208                __vector_9
                0x00000208                __vector_2
                0x00000208                __vector_21
                0x00000208                __vector_15
                0x00000208                __vector_8
                0x00000208                __vector_14
                0x00000208                __vector_10
                0x00000208                __vector_18
                0x00000208                __vector_20
                0x0000020c                . = ALIGN (0x2)
 *(.text.*)
 .text.get_decimal_point
                0x0000020c        0x4 src/cJSON.o
 .text.compare_double
                0x00000210       0xc0 src/cJSON.o
 .text.parse_hex4
                0x000002d0       0x70 src/cJSON.o
 .text.utf16_literal_to_utf8
                0x00000340      0x15a src/cJSON.o
 .text.parse_string
                0x0000049a      0x258 src/cJSON.o
 .text.buffer_skip_whitespace
                0x000006f2       0x78 src/cJSON.o
 .text.suffix_object
                0x0000076a        0xe src/cJSON.o
 .text.add_item_to_array
                0x00000778       0x86 src/cJSON.o
 .text.cast_away_const
                0x000007fe        0x2 src/cJSON.o
 .text.update_offset
                0x00000800       0x44 src/cJSON.o
 .text.cJSON_strdup
                0x00000844       0x5a src/cJSON.o
 .text.add_item_to_object
                0x0000089e       0xba src/cJSON.o
 .text.ensure   0x00000958      0x11e src/cJSON.o
 .text.cJSON_New_Item
                0x00000a76       0x1c src/cJSON.o
 .text.skip_utf8_bom
                0x00000a92       0x84 src/cJSON.o
 .text.parse_number
                0x00000b16      0x1f4 src/cJSON.o
 .text.print_string_ptr
                0x00000d0a      0x1ce src/cJSON.o
 .text.print_string
                0x00000ed8        0xc src/cJSON.o
 .text.print_number
                0x00000ee4      0x23e src/cJSON.o
 .text.print_value
                0x00001122      0x166 src/cJSON.o
 .text.print    0x00001288      0x156 src/cJSON.o
 .text.print_array
                0x000013de      0x112 src/cJSON.o
 .text.print_object
                0x000014f0      0x238 src/cJSON.o
 .text.case_insensitive_strcmp
                0x00001728       0x7a src/cJSON.o
 .text.get_object_item
                0x000017a2       0x8a src/cJSON.o
 .text.cJSON_Delete
                0x0000182c       0x7e src/cJSON.o
                0x0000182c                cJSON_Delete
 .text.parse_array
                0x000018aa      0x1a8 src/cJSON.o
 .text.parse_value
                0x00001a52      0x1d0 src/cJSON.o
 .text.parse_object
                0x00001c22      0x22e src/cJSON.o
 .text.cJSON_ParseWithLengthOpts
                0x00001e50      0x16c src/cJSON.o
                0x00001e50                cJSON_ParseWithLengthOpts
 .text.cJSON_ParseWithOpts
                0x00001fbc       0x28 src/cJSON.o
                0x00001fbc                cJSON_ParseWithOpts
 .text.cJSON_Parse
                0x00001fe4        0xe src/cJSON.o
                0x00001fe4                cJSON_Parse
 .text.cJSON_PrintUnformatted
                0x00001ff2        0xe src/cJSON.o
                0x00001ff2                cJSON_PrintUnformatted
 .text.cJSON_GetObjectItem
                0x00002000        0xa src/cJSON.o
                0x00002000                cJSON_GetObjectItem
 .text.cJSON_CreateNumber
                0x0000200a       0x86 src/cJSON.o
                0x0000200a                cJSON_CreateNumber
 .text.cJSON_AddNumberToObject
                0x00002090       0x5c src/cJSON.o
                0x00002090                cJSON_AddNumberToObject
 .text.cJSON_CreateString
                0x000020ec       0x50 src/cJSON.o
                0x000020ec                cJSON_CreateString
 .text.cJSON_AddStringToObject
                0x0000213c       0x5a src/cJSON.o
                0x0000213c                cJSON_AddStringToObject
 .text.cJSON_CreateObject
                0x00002196       0x18 src/cJSON.o
                0x00002196                cJSON_CreateObject
 .text.cJSON_IsNumber
                0x000021ae       0x1a src/cJSON.o
                0x000021ae                cJSON_IsNumber
 .text.cJSON_IsString
                0x000021c8       0x1a src/cJSON.o
                0x000021c8                cJSON_IsString
 .text.enviar_dados_para_pc_json
                0x000021e2       0xec src/dados_producao.o
                0x000021e2                enviar_dados_para_pc_json
 .text.ANALOGICAS_init
                0x000022ce        0xe src/entradas_analogicas.o
                0x000022ce                ANALOGICAS_init
 .text.ENTRADAS_init
                0x000022dc       0x26 src/entradas_digitais.o
                0x000022dc                ENTRADAS_init
 .text.ler_sensor_entrada
                0x00002302       0x10 src/entradas_digitais.o
                0x00002302                ler_sensor_entrada
 .text.ler_sensor_saida
                0x00002312        0xe src/entradas_digitais.o
                0x00002312                ler_sensor_saida
 .text.processar_json
                0x00002320      0x14a src/main.o
                0x00002320                processar_json
 .text.main     0x0000246a      0x13e src/main.o
                0x0000246a                main
 .text.salvar_total_na_eeprom
                0x000025a8        0xc src/memoria.o
                0x000025a8                salvar_total_na_eeprom
 .text.ler_total_da_eeprom
                0x000025b4        0xa src/memoria.o
                0x000025b4                ler_total_da_eeprom
 .text.SAIDAS_init
                0x000025be        0xe src/saidas.o
                0x000025be                SAIDAS_init
 .text.set_led_heartbeat
                0x000025cc       0x14 src/saidas.o
                0x000025cc                set_led_heartbeat
 .text.TIMER0_init
                0x000025e0       0x12 src/timer.o
                0x000025e0                TIMER0_init
 .text.__vector_16
                0x000025f2       0x6c src/timer.o
                0x000025f2                __vector_16
 .text.TIMER0_check1s
                0x0000265e       0x10 src/timer.o
                0x0000265e                TIMER0_check1s
 .text.TIMER0_check500ms
                0x0000266e       0x10 src/timer.o
                0x0000266e                TIMER0_check500ms
 .text.UART_init
                0x0000267e       0x2c src/uart.o
                0x0000267e                UART_init
 .text.UART_sendChar
                0x000026aa        0xe src/uart.o
                0x000026aa                UART_sendChar
 .text.UART_sendString
                0x000026b8       0x1a src/uart.o
                0x000026b8                UART_sendString
 .text.UART_available
                0x000026d2        0x8 src/uart.o
                0x000026d2                UART_available
 .text.UART_readChar
                0x000026da        0xe src/uart.o
                0x000026da                UART_readChar
 .text.avr-libc.fplib
                0x000026e8        0xe c:/program files (x86)/atmel/studio/7.0/toolchain/avr8/avr8-gnu-toolchain/bin/../lib/gcc/avr/5.4.0/../../../../avr/lib/avr5\libm.a(addsf3.o)
                0x000026e8                __subsf3
                0x000026ea                __addsf3
 .text.avr-libc.fplib
                0x000026f6       0xcc c:/program files (x86)/atmel/studio/7.0/toolchain/avr8/avr8-gnu-toolchain/bin/../lib/gcc/avr/5.4.0/../../../../avr/lib/avr5\libm.a(addsf3x.o)
                0x00002718                __addsf3x
 .text.avr-libc.fplib
                0x000027c2        0xa c:/program files (x86)/atmel/studio/7.0/toolchain/avr8/avr8-gnu-toolchain/bin/../lib/gcc/avr/5.4.0/../../../../avr/lib/avr5\libm.a(cmpsf2.o)
                0x000027c2                __nesf2
                0x000027c2                __eqsf2
                0x000027c2                __cmpsf2
                0x000027c2                __ltsf2
                0x000027c2                __lesf2
 .text.avr-libc.fplib
                0x000027cc        0xe c:/program files (x86)/atmel/studio/7.0/toolchain/avr8/avr8-gnu-toolchain/bin/../lib/gcc/avr/5.4.0/../../../../avr/lib/avr5\libm.a(fixsfsi.o)
                0x000027cc                __fixsfsi
 .text.avr-libc.fplib
                0x000027da       0x5e c:/program files (x86)/atmel/studio/7.0/toolchain/avr8/avr8-gnu-toolchain/bin/../lib/gcc/avr/5.4.0/../../../../avr/lib/avr5\libm.a(fixunssfsi.o)
                0x000027da                __fixunssfsi
 .text.avr-libc.fplib
                0x00002838       0x7a c:/program files (x86)/atmel/studio/7.0/toolchain/avr8/avr8-gnu-toolchain/bin/../lib/gcc/avr/5.4.0/../../../../avr/lib/avr5\libm.a(floatsisf.o)
                0x00002838                __floatunsisf
                0x0000283c                __floatsisf
 .text.avr-libc.fplib
                0x000028b2       0x48 c:/program files (x86)/atmel/studio/7.0/toolchain/avr8/avr8-gnu-toolchain/bin/../lib/gcc/avr/5.4.0/../../../../avr/lib/avr5\libm.a(fp_cmp.o)
                0x000028b2                __fp_cmp
 .text.avr-libc.fplib
                0x000028fa        0xc c:/program files (x86)/atmel/studio/7.0/toolchain/avr8/avr8-gnu-toolchain/bin/../lib/gcc/avr/5.4.0/../../../../avr/lib/avr5\libm.a(fp_inf.o)
                0x000028fa                __fp_inf
 .text.avr-libc.fplib
                0x00002906        0x6 c:/program files (x86)/atmel/studio/7.0/toolchain/avr8/avr8-gnu-toolchain/bin/../lib/gcc/avr/5.4.0/../../../../avr/lib/avr5\libm.a(fp_nan.o)
                0x00002906                __fp_nan
 .text.avr-libc.fplib
                0x0000290c        0xe c:/program files (x86)/atmel/studio/7.0/toolchain/avr8/avr8-gnu-toolchain/bin/../lib/gcc/avr/5.4.0/../../../../avr/lib/avr5\libm.a(fp_pscA.o)
                0x0000290c                __fp_pscA
 .text.avr-libc.fplib
                0x0000291a        0xe c:/program files (x86)/atmel/studio/7.0/toolchain/avr8/avr8-gnu-toolchain/bin/../lib/gcc/avr/5.4.0/../../../../avr/lib/avr5\libm.a(fp_pscB.o)
                0x0000291a                __fp_pscB
 .text.avr-libc.fplib
                0x00002928       0x22 c:/program files (x86)/atmel/studio/7.0/toolchain/avr8/avr8-gnu-toolchain/bin/../lib/gcc/avr/5.4.0/../../../../avr/lib/avr5\libm.a(fp_round.o)
                0x00002928                __fp_round
 .text.avr-libc.fplib
                0x0000294a       0x44 c:/program files (x86)/atmel/studio/7.0/toolchain/avr8/avr8-gnu-toolchain/bin/../lib/gcc/avr/5.4.0/../../../../avr/lib/avr5\libm.a(fp_split3.o)
                0x0000294a                __fp_split3
                0x0000295a                __fp_splitA
 .text.avr-libc.fplib
                0x0000298e        0xe c:/program files (x86)/atmel/studio/7.0/toolchain/avr8/avr8-gnu-toolchain/bin/../lib/gcc/avr/5.4.0/../../../../avr/lib/avr5\libm.a(fp_zero.o)
                0x0000298e                __fp_zero
                0x00002990                __fp_szero
 .text.avr-libc.fplib
                0x0000299c        0xa c:/program files (x86)/atmel/studio/7.0/toolchain/avr8/avr8-gnu-toolchain/bin/../lib/gcc/avr/5.4.0/../../../../avr/lib/avr5\libm.a(gesf2.o)
                0x0000299c                __gesf2
                0x0000299c                __gtsf2
 .text.avr-libc.fplib
                0x000029a6        0x8 c:/program files (x86)/atmel/studio/7.0/toolchain/avr8/avr8-gnu-toolchain/bin/../lib/gcc/avr/5.4.0/../../../../avr/lib/avr5\libm.a(mulsf3.o)
                0x000029a6                __mulsf3
 .text.avr-libc.fplib
                0x000029ae       0xd2 c:/program files (x86)/atmel/studio/7.0/toolchain/avr8/avr8-gnu-toolchain/bin/../lib/gcc/avr/5.4.0/../../../../avr/lib/avr5\libm.a(mulsf3x.o)
                0x000029cc                __mulsf3x
                0x000029d2                __mulsf3_pse
 .text.libgcc.div
                0x00002a80       0x44 c:/program files (x86)/atmel/studio/7.0/toolchain/avr8/avr8-gnu-toolchain/bin/../lib/gcc/avr/5.4.0/avr5\libgcc.a(_udivmodsi4.o)
                0x00002a80                __udivmodsi4
 .text.libgcc   0x00002ac4        0xc c:/program files (x86)/atmel/studio/7.0/toolchain/avr8/avr8-gnu-toolchain/bin/../lib/gcc/avr/5.4.0/avr5\libgcc.a(_tablejump2.o)
                0x00002ac4                __tablejump2__
 .text.avr-libc
                0x00002ad0      0x242 c:/program files (x86)/atmel/studio/7.0/toolchain/avr8/avr8-gnu-toolchain/bin/../lib/gcc/avr/5.4.0/../../../../avr/lib/avr5\libc.a(malloc.o)
                0x00002ad0                malloc
                0x00002c00                free
 .text.avr-libc
                0x00002d12      0x18c c:/program files (x86)/atmel/studio/7.0/toolchain/avr8/avr8-gnu-toolchain/bin/../lib/gcc/avr/5.4.0/../../../../avr/lib/avr5\libc.a(realloc.o)
                0x00002d12                realloc
 .text.avr-libc
                0x00002e9e      0x29c c:/program files (x86)/atmel/studio/7.0/toolchain/avr8/avr8-gnu-toolchain/bin/../lib/gcc/avr/5.4.0/../../../../avr/lib/avr5\libc.a(strtod.o)
                0x00002e9e                strtod
 .text.avr-libc
                0x0000313a       0x12 c:/program files (x86)/atmel/studio/7.0/toolchain/avr8/avr8-gnu-toolchain/bin/../lib/gcc/avr/5.4.0/../../../../avr/lib/avr5\libc.a(isspace.o)
                0x0000313a                isspace
 .text.avr-libc
                0x0000314c       0x10 c:/program files (x86)/atmel/studio/7.0/toolchain/avr8/avr8-gnu-toolchain/bin/../lib/gcc/avr/5.4.0/../../../../avr/lib/avr5\libc.a(tolower.o)
                0x0000314c                tolower
 .text.avr-libc
                0x0000315c       0x30 c:/program files (x86)/atmel/studio/7.0/toolchain/avr8/avr8-gnu-toolchain/bin/../lib/gcc/avr/5.4.0/../../../../avr/lib/avr5\libc.a(strncasecmp_P.o)
                0x0000315c                strncasecmp_P
 .text.avr-libc
                0x0000318c       0x12 c:/program files (x86)/atmel/studio/7.0/toolchain/avr8/avr8-gnu-toolchain/bin/../lib/gcc/avr/5.4.0/../../../../avr/lib/avr5\libc.a(memcpy.o)
                0x0000318c                memcpy
 .text.avr-libc
                0x0000319e       0x12 c:/program files (x86)/atmel/studio/7.0/toolchain/avr8/avr8-gnu-toolchain/bin/../lib/gcc/avr/5.4.0/../../../../avr/lib/avr5\libc.a(strcmp.o)
                0x0000319e                strcmp
 .text.avr-libc
                0x000031b0       0x1c c:/program files (x86)/atmel/studio/7.0/toolchain/avr8/avr8-gnu-toolchain/bin/../lib/gcc/avr/5.4.0/../../../../avr/lib/avr5\libc.a(strncmp.o)
                0x000031b0                strncmp
 .text.avr-libc
                0x000031cc       0x1e c:/program files (x86)/atmel/studio/7.0/toolchain/avr8/avr8-gnu-toolchain/bin/../lib/gcc/avr/5.4.0/../../../../avr/lib/avr5\libc.a(strncpy.o)
                0x000031cc                strncpy
 .text.avr-libc
                0x000031ea       0x44 c:/program files (x86)/atmel/studio/7.0/toolchain/avr8/avr8-gnu-toolchain/bin/../lib/gcc/avr/5.4.0/../../../../avr/lib/avr5\libc.a(sprintf.o)
                0x000031ea                sprintf
 .text.avr-libc
                0x0000322e       0x32 c:/program files (x86)/atmel/studio/7.0/toolchain/avr8/avr8-gnu-toolchain/bin/../lib/gcc/avr/5.4.0/../../../../avr/lib/avr5\libc.a(sscanf.o)
                0x0000322e                sscanf
 .text.avr-libc
                0x00003260      0x3c2 c:/program files (x86)/atmel/studio/7.0/toolchain/avr8/avr8-gnu-toolchain/bin/../lib/gcc/avr/5.4.0/../../../../avr/lib/avr5\libc.a(vfprintf_std.o)
                0x00003260                vfprintf
 .text.avr-libc
                0x00003622      0x55a c:/program files (x86)/atmel/studio/7.0/toolchain/avr8/avr8-gnu-toolchain/bin/../lib/gcc/avr/5.4.0/../../../../avr/lib/avr5\libc.a(vfscanf_std.o)
                0x0000395a                vfscanf
 .text.avr-libc
                0x00003b7c        0x6 c:/program files (x86)/atmel/studio/7.0/toolchain/avr8/avr8-gnu-toolchain/bin/../lib/gcc/avr/5.4.0/../../../../avr/lib/avr5\libc.a(cty_isfalse.o)
                0x00003b7c                __ctype_isfalse
                0x00003b80                __ctype_istrue
 .text.avr-libc
                0x00003b82       0x16 c:/program files (x86)/atmel/studio/7.0/toolchain/avr8/avr8-gnu-toolchain/bin/../lib/gcc/avr/5.4.0/../../../../avr/lib/avr5\libc.a(strchr_P.o)
                0x00003b82                strchr_P
 .text.avr-libc
                0x00003b98       0x16 c:/program files (x86)/atmel/studio/7.0/toolchain/avr8/avr8-gnu-toolchain/bin/../lib/gcc/avr/5.4.0/../../../../avr/lib/avr5\libc.a(strnlen_P.o)
                0x00003b98                strnlen_P
 .text.avr-libc
                0x00003bae       0x16 c:/program files (x86)/atmel/studio/7.0/toolchain/avr8/avr8-gnu-toolchain/bin/../lib/gcc/avr/5.4.0/../../../../avr/lib/avr5\libc.a(strnlen.o)
                0x00003bae                strnlen
 .text.avr-libc
                0x00003bc4       0x7c c:/program files (x86)/atmel/studio/7.0/toolchain/avr8/avr8-gnu-toolchain/bin/../lib/gcc/avr/5.4.0/../../../../avr/lib/avr5\libc.a(fgetc.o)
                0x00003bc4                fgetc
 .text.avr-libc
                0x00003c40       0x78 c:/program files (x86)/atmel/studio/7.0/toolchain/avr8/avr8-gnu-toolchain/bin/../lib/gcc/avr/5.4.0/../../../../avr/lib/avr5\libc.a(fputc.o)
                0x00003c40                fputc
 .text.avr-libc
                0x00003cb8       0x32 c:/program files (x86)/atmel/studio/7.0/toolchain/avr8/avr8-gnu-toolchain/bin/../lib/gcc/avr/5.4.0/../../../../avr/lib/avr5\libc.a(ungetc.o)
                0x00003cb8                ungetc
 .text.avr-libc
                0x00003cea       0xbc c:/program files (x86)/atmel/studio/7.0/toolchain/avr8/avr8-gnu-toolchain/bin/../lib/gcc/avr/5.4.0/../../../../avr/lib/avr5\libc.a(ultoa_invert.o)
                0x00003cea                __ultoa_invert
 .text.avr-libc
                0x00003da6        0xc C:/Program Files (x86)/Atmel/Studio/7.0/Packs/atmel/ATmega_DFP/1.7.374/gcc/dev/atmega328p/avr5\libatmega328p.a(eerd_word.o)
                0x00003da6                eeprom_read_word
 .text.avr-libc
                0x00003db2        0xc C:/Program Files (x86)/Atmel/Studio/7.0/Packs/atmel/ATmega_DFP/1.7.374/gcc/dev/atmega328p/avr5\libatmega328p.a(eeupd_word.o)
                0x00003db2                eeprom_update_word
 .text.avr-libc
                0x00003dbe       0x20 C:/Program Files (x86)/Atmel/Studio/7.0/Packs/atmel/ATmega_DFP/1.7.374/gcc/dev/atmega328p/avr5\libatmega328p.a(eerd_block.o)
                0x00003dbe                eeprom_read_block
                0x00003dc2                eeprom_read_blraw
 .text.avr-libc
                0x00003dde       0x24 C:/Program Files (x86)/Atmel/Studio/7.0/Packs/atmel/ATmega_DFP/1.7.374/gcc/dev/atmega328p/avr5\libatmega328p.a(eeupd_byte.o)
                0x00003dde                eeprom_update_byte
                0x00003de0                eeprom_update_r18
 .text.libgcc.mul
                0x00003e02       0x16 c:/program files (x86)/atmel/studio/7.0/toolchain/avr8/avr8-gnu-toolchain/bin/../lib/gcc/avr/5.4.0/avr5\libgcc.a(_muluhisi3.o)
                0x00003e02                __muluhisi3
 .text.libgcc.prologue
                0x00003e18       0x38 c:/program files (x86)/atmel/studio/7.0/toolchain/avr8/avr8-gnu-toolchain/bin/../lib/gcc/avr/5.4.0/avr5\libgcc.a(_prologue.o)
                0x00003e18                __prologue_saves__
 .text.libgcc.prologue
                0x00003e50       0x36 c:/program files (x86)/atmel/studio/7.0/toolchain/avr8/avr8-gnu-toolchain/bin/../lib/gcc/avr/5.4.0/avr5\libgcc.a(_epilogue.o)
                0x00003e50                __epilogue_restores__
 .text.libgcc.mul
                0x00003e86       0x1e c:/program files (x86)/atmel/studio/7.0/toolchain/avr8/avr8-gnu-toolchain/bin/../lib/gcc/avr/5.4.0/avr5\libgcc.a(_umulhisi3.o)
                0x00003e86                __umulhisi3
                0x00003ea4                . = ALIGN (0x2)
 *(.fini9)
 .fini9         0x00003ea4        0x0 c:/program files (x86)/atmel/studio/7.0/toolchain/avr8/avr8-gnu-toolchain/bin/../lib/gcc/avr/5.4.0/avr5\libgcc.a(_exit.o)
                0x00003ea4                _exit
                0x00003ea4                exit
 *(.fini9)
 *(.fini8)
 *(.fini8)
 *(.fini7)
 *(.fini7)
 *(.fini6)
 *(.fini6)
 *(.fini5)
 *(.fini5)
 *(.fini4)
 *(.fini4)
 *(.fini3)
 *(.fini3)
 *(.fini2)
 *(.fini2)
 *(.fini1)
 *(.fini1)
 *(.fini0)
 .fini0         0x00003ea4        0x4 c:/program files (x86)/atmel/studio/7.0/toolchain/avr8/avr8-gnu-toolchain/bin/../lib/gcc/avr/5.4.0/avr5\libgcc.a(_exit.o)
 *(.fini0)
                0x00003ea8                _etext = .

.data           0x00800100      0x1c4 load address 0x00003ea8
                0x00800100                PROVIDE (__data_start, .)
 *(.data)
 .data          0x00800100        0x6 c:/program files (x86)/atmel/studio/7.0/toolchain/avr8/avr8-gnu-toolchain/bin/../lib/gcc/avr/5.4.0/../../../../avr/lib/avr5\libc.a(malloc.o)
                0x00800100                __malloc_heap_end
                0x00800102                __malloc_heap_start
                0x00800104                __malloc_margin
 *(.data*)
 .data.global_hooks
                0x00800106        0x6 src/cJSON.o
 *(.gnu.linkonce.d*)
 *(.rodata)
 *(.rodata*)
 .rodata.str1.1
                0x0080010c       0x38 src/cJSON.o
 .rodata.str1.1
                0x00800144       0x6a src/dados_producao.o
                                 0x6d (size before relaxing)
 .rodata.str1.1
                0x008001ae      0x115 src/main.o
                                0x118 (size before relaxing)
 *(.gnu.linkonce.r*)
                0x008002c4                . = ALIGN (0x2)
 *fill*         0x008002c3        0x1 
                0x008002c4                _edata = .
                0x008002c4                PROVIDE (__data_end, .)

.bss            0x008002c4       0x2d
                0x008002c4                PROVIDE (__bss_start, .)
 *(.bss)
 *(.bss*)
 .bss.global_error
                0x008002c4        0x4 src/cJSON.o
 .bss.dados     0x008002c8       0x1b src/dados_producao.o
                0x008002c8                dados
 .bss.estado_heartbeat.2585
                0x008002e3        0x1 src/main.o
 .bss.anterior_saida
                0x008002e4        0x1 src/main.o
                0x008002e4                anterior_saida
 .bss.anterior_entrada
                0x008002e5        0x1 src/main.o
                0x008002e5                anterior_entrada
 .bss.flag_1s   0x008002e6        0x1 src/timer.o
                0x008002e6                flag_1s
 .bss.flag_500ms
                0x008002e7        0x1 src/timer.o
                0x008002e7                flag_500ms
 .bss.counter500ms
                0x008002e8        0x1 src/timer.o
                0x008002e8                counter500ms
 .bss.counter   0x008002e9        0x2 src/timer.o
                0x008002e9                counter
 *(COMMON)
 COMMON         0x008002eb        0x4 c:/program files (x86)/atmel/studio/7.0/toolchain/avr8/avr8-gnu-toolchain/bin/../lib/gcc/avr/5.4.0/../../../../avr/lib/avr5\libc.a(malloc.o)
                0x008002eb                __brkval
                0x008002ed                __flp
 COMMON         0x008002ef        0x2 c:/program files (x86)/atmel/studio/7.0/toolchain/avr8/avr8-gnu-toolchain/bin/../lib/gcc/avr/5.4.0/../../../../avr/lib/avr5\libc.a(errno.o)
                0x008002ef                errno
                0x008002f1                PROVIDE (__bss_end, .)
                0x00003ea8                __data_load_start = LOADADDR (.data)
                0x0000406c                __data_load_end = (__data_load_start + SIZEOF (.data))

.noinit         0x008002f1        0x0
                [!provide]                PROVIDE (__noinit_start, .)
 *(.noinit*)
                [!provide]                PROVIDE (__noinit_end, .)
                0x008002f1                _end = .
                0x008002f1                PROVIDE (__heap_start, .)

.eeprom         0x00810000        0x0
 *(.eeprom*)
                0x00810000                __eeprom_end = .

.fuse
 *(.fuse)
 *(.lfuse)
 *(.hfuse)
 *(.efuse)

.lock
 *(.lock*)

.signature
 *(.signature*)

.user_signatures
 *(.user_signatures*)

.stab
 *(.stab)

.stabstr
 *(.stabstr)

.stab.excl
 *(.stab.excl)

.stab.exclstr
 *(.stab.exclstr)

.stab.index
 *(.stab.index)

.stab.indexstr
 *(.stab.indexstr)

.comment        0x00000000       0x5c
 *(.comment)
 .comment       0x00000000       0x30 src/cJSON.o
                                 0x31 (size before relaxing)
 .comment       0x00000030       0x31 src/dados_producao.o
 .comment       0x00000030       0x31 src/entradas_analogicas.o
 .comment       0x00000030       0x31 src/entradas_digitais.o
 .comment       0x00000030       0x31 src/main.o
 .comment       0x00000030       0x31 src/memoria.o
 .comment       0x00000030       0x31 src/saidas.o
 .comment       0x00000030       0x31 src/timer.o
 .comment       0x00000030       0x31 src/uart.o
 .comment       0x00000030       0x31 c:/program files (x86)/atmel/studio/7.0/toolchain/avr8/avr8-gnu-toolchain/bin/../lib/gcc/avr/5.4.0/../../../../avr/lib/avr5\libc.a(malloc.o)
 .comment       0x00000030       0x31 c:/program files (x86)/atmel/studio/7.0/toolchain/avr8/avr8-gnu-toolchain/bin/../lib/gcc/avr/5.4.0/../../../../avr/lib/avr5\libc.a(realloc.o)
 .comment       0x00000030       0x31 c:/program files (x86)/atmel/studio/7.0/toolchain/avr8/avr8-gnu-toolchain/bin/../lib/gcc/avr/5.4.0/../../../../avr/lib/avr5\libc.a(strtod.o)
 .comment       0x00000030       0x31 c:/program files (x86)/atmel/studio/7.0/toolchain/avr8/avr8-gnu-toolchain/bin/../lib/gcc/avr/5.4.0/../../../../avr/lib/avr5\libc.a(sprintf.o)
 .comment       0x00000030       0x31 c:/program files (x86)/atmel/studio/7.0/toolchain/avr8/avr8-gnu-toolchain/bin/../lib/gcc/avr/5.4.0/../../../../avr/lib/avr5\libc.a(sscanf.o)
 .comment       0x00000030       0x2c c:/program files (x86)/atmel/studio/7.0/toolchain/avr8/avr8-gnu-toolchain/bin/../lib/gcc/avr/5.4.0/../../../../avr/lib/avr5\libc.a(vfprintf_std.o)
                                 0x2d (size before relaxing)
 .comment       0x0000005c       0x2d c:/program files (x86)/atmel/studio/7.0/toolchain/avr8/avr8-gnu-toolchain/bin/../lib/gcc/avr/5.4.0/../../../../avr/lib/avr5\libc.a(vfscanf_std.o)
 .comment       0x0000005c       0x2d c:/program files (x86)/atmel/studio/7.0/toolchain/avr8/avr8-gnu-toolchain/bin/../lib/gcc/avr/5.4.0/../../../../avr/lib/avr5\libc.a(errno.o)
 .comment       0x0000005c       0x31 c:/program files (x86)/atmel/studio/7.0/toolchain/avr8/avr8-gnu-toolchain/bin/../lib/gcc/avr/5.4.0/../../../../avr/lib/avr5\libc.a(fgetc.o)
 .comment       0x0000005c       0x31 c:/program files (x86)/atmel/studio/7.0/toolchain/avr8/avr8-gnu-toolchain/bin/../lib/gcc/avr/5.4.0/../../../../avr/lib/avr5\libc.a(fputc.o)
 .comment       0x0000005c       0x31 c:/program files (x86)/atmel/studio/7.0/toolchain/avr8/avr8-gnu-toolchain/bin/../lib/gcc/avr/5.4.0/../../../../avr/lib/avr5\libc.a(ungetc.o)

.note.gnu.avr.deviceinfo
                0x00000000       0x40
 .note.gnu.avr.deviceinfo
                0x00000000       0x40 C:/Program Files (x86)/Atmel/Studio/7.0/Packs/atmel/ATmega_DFP/1.7.374/gcc/dev/atmega328p/avr5/crtatmega328p.o

.note.gnu.build-id
 *(.note.gnu.build-id)

.debug
 *(.debug)

.line
 *(.line)

.debug_srcinfo
 *(.debug_srcinfo)

.debug_sfnames
 *(.debug_sfnames)

.debug_aranges  0x00000000      0x5e8
 *(.debug_aranges)
 .debug_aranges
                0x00000000      0x3a0 src/cJSON.o
 .debug_aranges
                0x000003a0       0x28 src/dados_producao.o
 .debug_aranges
                0x000003c8       0x38 src/entradas_analogicas.o
 .debug_aranges
                0x00000400       0x50 src/entradas_digitais.o
 .debug_aranges
                0x00000450       0x28 src/main.o
 .debug_aranges
                0x00000478       0x28 src/memoria.o
 .debug_aranges
                0x000004a0       0x50 src/saidas.o
 .debug_aranges
                0x000004f0       0x38 src/timer.o
 .debug_aranges
                0x00000528       0x40 src/uart.o
 .debug_aranges
                0x00000568       0x20 C:/Program Files (x86)/Atmel/Studio/7.0/Packs/atmel/ATmega_DFP/1.7.374/gcc/dev/atmega328p/avr5\libatmega328p.a(eerd_word.o)
 .debug_aranges
                0x00000588       0x20 C:/Program Files (x86)/Atmel/Studio/7.0/Packs/atmel/ATmega_DFP/1.7.374/gcc/dev/atmega328p/avr5\libatmega328p.a(eeupd_word.o)
 .debug_aranges
                0x000005a8       0x20 C:/Program Files (x86)/Atmel/Studio/7.0/Packs/atmel/ATmega_DFP/1.7.374/gcc/dev/atmega328p/avr5\libatmega328p.a(eerd_block.o)
 .debug_aranges
                0x000005c8       0x20 C:/Program Files (x86)/Atmel/Studio/7.0/Packs/atmel/ATmega_DFP/1.7.374/gcc/dev/atmega328p/avr5\libatmega328p.a(eeupd_byte.o)

.debug_pubnames
 *(.debug_pubnames)

.debug_info     0x00000000     0x5a81
 *(.debug_info .gnu.linkonce.wi.*)
 .debug_info    0x00000000      0x5f4 C:/Program Files (x86)/Atmel/Studio/7.0/Packs/atmel/ATmega_DFP/1.7.374/gcc/dev/atmega328p/avr5/crtatmega328p.o
 .debug_info    0x000005f4     0x3f90 src/cJSON.o
 .debug_info    0x00004584      0x45f src/dados_producao.o
 .debug_info    0x000049e3       0xdc src/entradas_analogicas.o
 .debug_info    0x00004abf      0x11f src/entradas_digitais.o
 .debug_info    0x00004bde      0x732 src/main.o
 .debug_info    0x00005310      0x104 src/memoria.o
 .debug_info    0x00005414      0x17b src/saidas.o
 .debug_info    0x0000558f      0x12a src/timer.o
 .debug_info    0x000056b9      0x15d src/uart.o
 .debug_info    0x00005816       0x9a C:/Program Files (x86)/Atmel/Studio/7.0/Packs/atmel/ATmega_DFP/1.7.374/gcc/dev/atmega328p/avr5\libatmega328p.a(eerd_word.o)
 .debug_info    0x000058b0       0x9b C:/Program Files (x86)/Atmel/Studio/7.0/Packs/atmel/ATmega_DFP/1.7.374/gcc/dev/atmega328p/avr5\libatmega328p.a(eeupd_word.o)
 .debug_info    0x0000594b       0x9b C:/Program Files (x86)/Atmel/Studio/7.0/Packs/atmel/ATmega_DFP/1.7.374/gcc/dev/atmega328p/avr5\libatmega328p.a(eerd_block.o)
 .debug_info    0x000059e6       0x9b C:/Program Files (x86)/Atmel/Studio/7.0/Packs/atmel/ATmega_DFP/1.7.374/gcc/dev/atmega328p/avr5\libatmega328p.a(eeupd_byte.o)

.debug_abbrev   0x00000000     0x102b
 *(.debug_abbrev)
 .debug_abbrev  0x00000000      0x5a2 C:/Program Files (x86)/Atmel/Studio/7.0/Packs/atmel/ATmega_DFP/1.7.374/gcc/dev/atmega328p/avr5/crtatmega328p.o
 .debug_abbrev  0x000005a2      0x3d8 src/cJSON.o
 .debug_abbrev  0x0000097a      0x144 src/dados_producao.o
 .debug_abbrev  0x00000abe       0x6b src/entradas_analogicas.o
 .debug_abbrev  0x00000b29       0x6b src/entradas_digitais.o
 .debug_abbrev  0x00000b94      0x17b src/main.o
 .debug_abbrev  0x00000d0f       0xa7 src/memoria.o
 .debug_abbrev  0x00000db6       0x92 src/saidas.o
 .debug_abbrev  0x00000e48       0x9b src/timer.o
 .debug_abbrev  0x00000ee3       0xf8 src/uart.o
 .debug_abbrev  0x00000fdb       0x14 C:/Program Files (x86)/Atmel/Studio/7.0/Packs/atmel/ATmega_DFP/1.7.374/gcc/dev/atmega328p/avr5\libatmega328p.a(eerd_word.o)
 .debug_abbrev  0x00000fef       0x14 C:/Program Files (x86)/Atmel/Studio/7.0/Packs/atmel/ATmega_DFP/1.7.374/gcc/dev/atmega328p/avr5\libatmega328p.a(eeupd_word.o)
 .debug_abbrev  0x00001003       0x14 C:/Program Files (x86)/Atmel/Studio/7.0/Packs/atmel/ATmega_DFP/1.7.374/gcc/dev/atmega328p/avr5\libatmega328p.a(eerd_block.o)
 .debug_abbrev  0x00001017       0x14 C:/Program Files (x86)/Atmel/Studio/7.0/Packs/atmel/ATmega_DFP/1.7.374/gcc/dev/atmega328p/avr5\libatmega328p.a(eeupd_byte.o)

.debug_line     0x00000000     0x3cc4
 *(.debug_line .debug_line.* .debug_line_end)
 .debug_line    0x00000000      0x134 C:/Program Files (x86)/Atmel/Studio/7.0/Packs/atmel/ATmega_DFP/1.7.374/gcc/dev/atmega328p/avr5/crtatmega328p.o
 .debug_line    0x00000134     0x2cd0 src/cJSON.o
 .debug_line    0x00002e04      0x16a src/dados_producao.o
 .debug_line    0x00002f6e      0x14c src/entradas_analogicas.o
 .debug_line    0x000030ba      0x150 src/entradas_digitais.o
 .debug_line    0x0000320a      0x324 src/main.o
 .debug_line    0x0000352e      0x126 src/memoria.o
 .debug_line    0x00003654      0x1ab src/saidas.o
 .debug_line    0x000037ff      0x158 src/timer.o
 .debug_line    0x00003957      0x143 src/uart.o
 .debug_line    0x00003a9a       0x67 C:/Program Files (x86)/Atmel/Studio/7.0/Packs/atmel/ATmega_DFP/1.7.374/gcc/dev/atmega328p/avr5\libatmega328p.a(eerd_word.o)
 .debug_line    0x00003b01       0x62 C:/Program Files (x86)/Atmel/Studio/7.0/Packs/atmel/ATmega_DFP/1.7.374/gcc/dev/atmega328p/avr5\libatmega328p.a(eeupd_word.o)
 .debug_line    0x00003b63       0xab C:/Program Files (x86)/Atmel/Studio/7.0/Packs/atmel/ATmega_DFP/1.7.374/gcc/dev/atmega328p/avr5\libatmega328p.a(eerd_block.o)
 .debug_line    0x00003c0e       0xb6 C:/Program Files (x86)/Atmel/Studio/7.0/Packs/atmel/ATmega_DFP/1.7.374/gcc/dev/atmega328p/avr5\libatmega328p.a(eeupd_byte.o)

.debug_frame    0x00000000     0x134c
 *(.debug_frame)
 .debug_frame   0x00000000     0x1004 src/cJSON.o
 .debug_frame   0x00001004       0x70 src/dados_producao.o
 .debug_frame   0x00001074       0x54 src/entradas_analogicas.o
 .debug_frame   0x000010c8       0x84 src/entradas_digitais.o
 .debug_frame   0x0000114c       0x70 src/main.o
 .debug_frame   0x000011bc       0x34 src/memoria.o
 .debug_frame   0x000011f0       0x84 src/saidas.o
 .debug_frame   0x00001274       0x68 src/timer.o
 .debug_frame   0x000012dc       0x70 src/uart.o

.debug_str      0x00000000     0x1421
 *(.debug_str)
 .debug_str     0x00000000      0x208 C:/Program Files (x86)/Atmel/Studio/7.0/Packs/atmel/ATmega_DFP/1.7.374/gcc/dev/atmega328p/avr5/crtatmega328p.o
 .debug_str     0x00000208      0xe38 src/cJSON.o
                                0xf11 (size before relaxing)
 .debug_str     0x00001040       0xea src/dados_producao.o
                                0x2fd (size before relaxing)
 .debug_str     0x0000112a       0x50 src/entradas_analogicas.o
                                0x19c (size before relaxing)
 .debug_str     0x0000117a       0x99 src/entradas_digitais.o
                                0x1dc (size before relaxing)
 .debug_str     0x00001213      0x10e src/main.o
                                0x405 (size before relaxing)
 .debug_str     0x00001321       0x35 src/memoria.o
                                0x1aa (size before relaxing)
 .debug_str     0x00001356       0x62 src/saidas.o
                                0x1c3 (size before relaxing)
 .debug_str     0x000013b8       0x43 src/timer.o
                                0x1bc (size before relaxing)
 .debug_str     0x000013fb       0x26 src/uart.o
                                0x1ae (size before relaxing)

.debug_loc      0x00000000     0x7b0a
 *(.debug_loc)
 .debug_loc     0x00000000     0x75a4 src/cJSON.o
 .debug_loc     0x000075a4       0xf5 src/dados_producao.o
 .debug_loc     0x00007699      0x219 src/main.o
 .debug_loc     0x000078b2       0x36 src/memoria.o
 .debug_loc     0x000078e8      0x15c src/saidas.o
 .debug_loc     0x00007a44       0x49 src/timer.o
 .debug_loc     0x00007a8d       0x7d src/uart.o

.debug_macinfo
 *(.debug_macinfo)

.debug_weaknames
 *(.debug_weaknames)

.debug_funcnames
 *(.debug_funcnames)

.debug_typenames
 *(.debug_typenames)

.debug_varnames
 *(.debug_varnames)

.debug_pubtypes
 *(.debug_pubtypes)

.debug_ranges   0x00000000      0x550
 *(.debug_ranges)
 .debug_ranges  0x00000000      0x408 src/cJSON.o
 .debug_ranges  0x00000408       0x18 src/dados_producao.o
 .debug_ranges  0x00000420       0x28 src/entradas_analogicas.o
 .debug_ranges  0x00000448       0x40 src/entradas_digitais.o
 .debug_ranges  0x00000488       0x18 src/main.o
 .debug_ranges  0x000004a0       0x18 src/memoria.o
 .debug_ranges  0x000004b8       0x40 src/saidas.o
 .debug_ranges  0x000004f8       0x28 src/timer.o
 .debug_ranges  0x00000520       0x30 src/uart.o

.debug_macro
 *(.debug_macro)
OUTPUT(OEE_CIN.elf elf32-avr)
LOAD linker stubs
